   1               		.file	"delay.c"
   2               	__SP_H__ = 0x3e
   3               	__SP_L__ = 0x3d
   4               	__SREG__ = 0x3f
   5               	__RAMPZ__ = 0x3b
   6               	__tmp_reg__ = 0
   7               	__zero_reg__ = 1
   8               		.text
   9               		.section	.text.DELAY_sec,"ax",@progbits
  10               	.global	DELAY_sec
  12               	DELAY_sec:
  13               	/* prologue: function */
  14               	/* frame size = 0 */
  15               	/* stack size = 0 */
  16               	.L__stack_usage = 0
  17 0000 9C01      		movw r18,r24
  18               	.L2:
  19 0002 2115      		cp r18,__zero_reg__
  20 0004 3105      		cpc r19,__zero_reg__
  21 0006 01F4      		brne .L3
  22               	/* epilogue start */
  23 0008 0895      		ret
  24               	.L3:
  25 000a 4FEF      		ldi r20,lo8(1599999)
  26 000c 89E6      		ldi r24,hi8(1599999)
  27 000e 98E1      		ldi r25,hlo8(1599999)
  28 0010 4150      	1:	subi r20,1
  29 0012 8040      		sbci r24,0
  30 0014 9040      		sbci r25,0
  31 0016 01F4      		brne 1b
  32 0018 00C0      		rjmp .
  33 001a 0000      		nop
  34 001c 2150      		subi r18,1
  35 001e 3109      		sbc r19,__zero_reg__
  36 0020 00C0      		rjmp .L2
  38               		.ident	"GCC: (GNU) 13.2.0"
DEFINED SYMBOLS
                            *ABS*:00000000 delay.c
     /tmp/ccyn2Y9Y.s:2      *ABS*:0000003e __SP_H__
     /tmp/ccyn2Y9Y.s:3      *ABS*:0000003d __SP_L__
     /tmp/ccyn2Y9Y.s:4      *ABS*:0000003f __SREG__
     /tmp/ccyn2Y9Y.s:5      *ABS*:0000003b __RAMPZ__
     /tmp/ccyn2Y9Y.s:6      *ABS*:00000000 __tmp_reg__
     /tmp/ccyn2Y9Y.s:7      *ABS*:00000001 __zero_reg__
     /tmp/ccyn2Y9Y.s:12     .text.DELAY_sec:00000000 DELAY_sec
     /tmp/ccyn2Y9Y.s:32     .text.DELAY_sec:0000001a L0
     /tmp/ccyn2Y9Y.s:24     .text.DELAY_sec:0000000a .L3
     /tmp/ccyn2Y9Y.s:28     .text.DELAY_sec:00000010 .L11
     /tmp/ccyn2Y9Y.s:18     .text.DELAY_sec:00000002 .L2

NO UNDEFINED SYMBOLS
